[     852ms] [ERROR] Failed to load resource: net::ERR_SOCKET_NOT_CONNECTED @ http://localhost:4321/src/layouts/BaseLayout.astro?astro&type=script&index=0&lang.ts:0
[     976ms] [ERROR] Failed to load resource: net::ERR_SOCKET_NOT_CONNECTED @ http://localhost:4321/@vite/client:0
[     976ms] [ERROR] Failed to load resource: net::ERR_SOCKET_NOT_CONNECTED @ http://localhost:4321/@fs/D:/Proyectos/landing-soc/node_modules/.pnpm/astro@4.16.19_rollup@4.60.4_typescript@5.6.3/node_modules/astro/dist/runtime/client/dev-toolbar/entrypoint.js?v=b43f9479:0
[     976ms] [ERROR] Failed to load resource: net::ERR_CONNECTION_RESET @ http://localhost:4321/src/styles/global.css:0
[    3159ms] [ERROR] Failed to load resource: net::ERR_CONNECTION_REFUSED @ http://localhost:4321/node_modules/.pnpm/@fontsource-variable+geist@5.2.8/node_modules/@fontsource-variable/geist/files/geist-latin-wght-normal.woff2:0
[    3175ms] [ERROR] Failed to load resource: net::ERR_CONNECTION_REFUSED @ http://localhost:4321/node_modules/.pnpm/@fontsource+jetbrains-mono@5.2.8/node_modules/@fontsource/jetbrains-mono/files/jetbrains-mono-latin-500-normal.woff2:0
[    3175ms] [ERROR] Failed to load resource: net::ERR_CONNECTION_REFUSED @ http://localhost:4321/node_modules/.pnpm/@fontsource+jetbrains-mono@5.2.8/node_modules/@fontsource/jetbrains-mono/files/jetbrains-mono-latin-400-normal.woff2:0
[    3175ms] [ERROR] Failed to load resource: net::ERR_CONNECTION_REFUSED @ http://localhost:4321/src/components/ui/Button.astro?astro&type=style&index=0&lang.css:0
[    3175ms] [ERROR] Failed to load resource: net::ERR_CONNECTION_REFUSED @ http://localhost:4321/src/components/layout/Header.astro?astro&type=style&index=0&lang.css:0
[    3175ms] [ERROR] Failed to load resource: net::ERR_CONNECTION_REFUSED @ http://localhost:4321/src/components/ui/Container.astro?astro&type=style&index=0&lang.css:0
[    5464ms] [ERROR] Failed to load resource: net::ERR_CONNECTION_REFUSED @ http://localhost:4321/node_modules/.pnpm/@fontsource+jetbrains-mono@5.2.8/node_modules/@fontsource/jetbrains-mono/files/jetbrains-mono-latin-500-normal.woff:0
[    5464ms] [ERROR] Failed to load resource: net::ERR_CONNECTION_REFUSED @ http://localhost:4321/node_modules/.pnpm/@fontsource+jetbrains-mono@5.2.8/node_modules/@fontsource/jetbrains-mono/files/jetbrains-mono-latin-400-normal.woff:0
[    5464ms] [ERROR] Failed to load resource: net::ERR_CONNECTION_REFUSED @ http://localhost:4321/src/components/layout/Footer.astro?astro&type=style&index=0&lang.css:0
[    5464ms] [ERROR] Failed to load resource: net::ERR_CONNECTION_REFUSED @ http://localhost:4321/src/features/hero/Hero.astro?astro&type=style&index=0&lang.css:0
[    5479ms] [ERROR] Failed to load resource: net::ERR_CONNECTION_REFUSED @ http://localhost:4321/src/features/integrations/Integrations.astro?astro&type=style&index=0&lang.css:0
[    5479ms] [ERROR] Failed to load resource: net::ERR_CONNECTION_REFUSED @ http://localhost:4321/src/features/how-it-works/HowItWorks.astro?astro&type=style&index=0&lang.css:0
[    7769ms] [ERROR] Failed to load resource: net::ERR_CONNECTION_REFUSED @ http://localhost:4321/src/features/differentiators/Differentiators.astro?astro&type=style&index=0&lang.css:0
[    7771ms] [ERROR] Failed to load resource: net::ERR_CONNECTION_REFUSED @ http://localhost:4321/src/features/faq/Faq.astro?astro&type=style&index=0&lang.css:0
[    7771ms] [ERROR] Failed to load resource: net::ERR_CONNECTION_REFUSED @ http://localhost:4321/src/features/personas/Personas.astro?astro&type=style&index=0&lang.css:0
[    7772ms] [ERROR] Failed to load resource: net::ERR_CONNECTION_REFUSED @ http://localhost:4321/src/features/cta/Cta.astro?astro&type=style&index=0&lang.css:0
[    7924ms] [ERROR] Failed to load resource: net::ERR_CONNECTION_REFUSED @ http://localhost:4321/favicon.svg:0
